
> my-jkkn@0.1.0 build
> next build

⨯ Unable to acquire lock at D:\Projects\MyJKKN\.next\lock, is another instance of next build running?
  Suggestion: If you intended to restart next build, terminate the other process, and then try again.
